ModelListener.hpp:12:18:virtual void ModelListener::TuyaReady()	0	static
smart_config_modePresenter.hpp:28:13:smart_config_modePresenter::~smart_config_modePresenter()	0	static
smart_config_modePresenter.cpp:10:6:virtual void smart_config_modePresenter::activate()	0	static
smart_config_modePresenter.hpp:28:13:virtual smart_config_modePresenter::~smart_config_modePresenter()	8	static
smart_config_modePresenter.hpp:28:13:virtual void* smart_config_modePresenter::_ZThn4_N26smart_config_modePresenterD1Ev()	0	static
smart_config_modePresenter.cpp:4:1:smart_config_modePresenter::smart_config_modePresenter(smart_config_modeView&)	8	static
