Drawable.hpp:132:23:virtual touchgfx::Drawable* touchgfx::Drawable::getFirstChild()	0	static
Drawable.hpp:269:18:virtual void touchgfx::Drawable::setX(int16_t)	0	static
Drawable.hpp:281:18:virtual void touchgfx::Drawable::setY(int16_t)	0	static
Drawable.hpp:310:18:virtual void touchgfx::Drawable::setWidth(int16_t)	0	static
Drawable.hpp:322:18:virtual void touchgfx::Drawable::setHeight(int16_t)	0	static
Drawable.hpp:332:18:virtual void touchgfx::Drawable::childGeometryChanged()	0	static
Drawable.hpp:343:18:virtual void touchgfx::Drawable::handleClickEvent(const touchgfx::ClickEvent&)	0	static
Drawable.hpp:354:18:virtual void touchgfx::Drawable::handleGestureEvent(const touchgfx::GestureEvent&)	0	static
Drawable.hpp:442:18:virtual void touchgfx::Drawable::handleDragEvent(const touchgfx::DragEvent&)	0	static
Drawable.hpp:452:18:virtual void touchgfx::Drawable::handleTickEvent()	0	static
Drawable.hpp:539:18:virtual void touchgfx::Drawable::moveTo(int16_t, int16_t)	4	static
Drawable.hpp:654:18:virtual void touchgfx::Drawable::setupDrawChain(const touchgfx::Rect&, touchgfx::Drawable**)	0	static
Container.hpp:152:23:virtual touchgfx::Drawable* touchgfx::Container::getFirstChild()	0	static
Screen.hpp:92:18:virtual void touchgfx::Screen::setupScreen()	0	static
Screen.hpp:103:18:virtual void touchgfx::Screen::afterTransition()	0	static
Screen.hpp:114:18:virtual void touchgfx::Screen::tearDownScreen()	0	static
Screen.hpp:143:18:virtual void touchgfx::Screen::handleTickEvent()	0	static
Screen.hpp:153:18:virtual void touchgfx::Screen::handleKeyEvent(uint8_t)	0	static
Widget.hpp:47:18:virtual void touchgfx::Widget::getLastChild(int16_t, int16_t, touchgfx::Drawable**)	0	static
TypedText.hpp:65:13:touchgfx::TypedText::~TypedText()	0	static
View.hpp:36:7:touchgfx::View<Screen1Presenter>::~View()	0	static
Screen1ViewBase.hpp:26:13:Screen1ViewBase::~Screen1ViewBase()	0	static
Screen1ViewBase.cpp:226:6:virtual void Screen1ViewBase::setupScreen()	0	static
Callback.hpp:357:8:touchgfx::Callback<Screen1ViewBase, const touchgfx::AbstractButton&>::~Callback()	0	static
FadeAnimator.hpp:41:7:touchgfx::FadeAnimator<touchgfx::Image>::~FadeAnimator()	0	static
ClickListener.hpp:33:7:touchgfx::ClickListener<touchgfx::Container>::~ClickListener()	0	static
Callback.hpp:386:18:void touchgfx::Callback<dest_type, T1, void, void>::execute(T1) [with dest_type = Screen1ViewBase; T1 = const touchgfx::AbstractButton&]	8	static
Callback.hpp:396:18:bool touchgfx::Callback<dest_type, T1, void, void>::isValid() const [with dest_type = Screen1ViewBase; T1 = const touchgfx::AbstractButton&]	0	static
FadeAnimator.hpp:84:18:void touchgfx::FadeAnimator<T>::setFadeAnimationDelay(uint16_t) [with T = touchgfx::Image]	0	static
FadeAnimator.hpp:96:22:uint16_t touchgfx::FadeAnimator<T>::getFadeAnimationDelay() const [with T = touchgfx::Image]	0	static
TypedText.hpp:65:13:virtual touchgfx::TypedText::~TypedText()	8	static
View.hpp:36:7:virtual touchgfx::View<Screen1Presenter>::~View()	8	static
ClickListener.hpp:33:7:virtual touchgfx::ClickListener<touchgfx::Container>::~ClickListener()	8	static
FadeAnimator.hpp:41:7:virtual touchgfx::FadeAnimator<touchgfx::Image>::~FadeAnimator()	8	static
Callback.hpp:357:8:virtual touchgfx::Callback<Screen1ViewBase, const touchgfx::AbstractButton&>::~Callback()	8	static
Screen1ViewBase.hpp:26:13:virtual Screen1ViewBase::~Screen1ViewBase()	8	static
ClickListener.hpp:49:18:void touchgfx::ClickListener<T>::handleClickEvent(const touchgfx::ClickEvent&) [with T = touchgfx::Container]	16	static
Screen1ViewBase.cpp:231:6:void Screen1ViewBase::buttonCallbackHandler(const touchgfx::AbstractButton&)	8	static
FadeAnimator.hpp:157:18:void touchgfx::FadeAnimator<T>::handleTickEvent() [with T = touchgfx::Image]	16	static
Drawable.hpp:48:5:touchgfx::Drawable::Drawable()	0	static
Drawable.hpp:297:10:void touchgfx::Drawable::setXY(int16_t, int16_t)	16	static
Drawable.hpp:216:10:void touchgfx::Drawable::setPosition(int16_t, int16_t, int16_t, int16_t)	16	static
Container.hpp:43:5:touchgfx::Container::Container()	8	static
Box.hpp:33:5:touchgfx::Box::Box()	8	static
Image.hpp:50:5:touchgfx::Image::Image(const touchgfx::Bitmap&)	16	static
TextArea.hpp:42:5:touchgfx::TextArea::TextArea()	8	static
Button.hpp:34:5:touchgfx::Button::Button()	8	static
Screen1ViewBase.cpp:9:1:Screen1ViewBase::Screen1ViewBase()	256	static
