Screen.hpp:103:18:virtual void touchgfx::Screen::afterTransition()	0	static
Screen.hpp:143:18:virtual void touchgfx::Screen::handleTickEvent()	0	static
Screen.hpp:153:18:virtual void touchgfx::Screen::handleKeyEvent(uint8_t)	0	static
config_pageView.hpp:11:13:config_pageView::~config_pageView()	0	static
config_pageView.cpp:15:6:virtual void config_pageView::tearDownScreen()	0	static
Callback.hpp:290:8:touchgfx::Callback<config_pageView, const touchgfx::Slider&, int>::~Callback()	0	static
Callback.hpp:318:18:void touchgfx::Callback<dest_type, T1, T2, void>::execute(T1, T2) [with dest_type = config_pageView; T1 = const touchgfx::Slider&; T2 = int]	12	static
Callback.hpp:328:18:bool touchgfx::Callback<dest_type, T1, T2, void>::isValid() const [with dest_type = config_pageView; T1 = const touchgfx::Slider&; T2 = int]	0	static
Callback.hpp:290:8:virtual touchgfx::Callback<config_pageView, const touchgfx::Slider&, int>::~Callback()	8	static
config_pageView.hpp:11:13:virtual config_pageView::~config_pageView()	8	static
config_pageView.cpp:9:6:virtual void config_pageView::setupScreen()	8	static
config_pageView.cpp:19:6:void config_pageView::sliderValueChangedCallbackHandler(const touchgfx::Slider&, int)	8	static
config_pageView.cpp:4:1:config_pageView::config_pageView()	8	static
