Screen.hpp:103:18:virtual void touchgfx::Screen::afterTransition()	0	static
Screen.hpp:143:18:virtual void touchgfx::Screen::handleTickEvent()	0	static
Screen.hpp:153:18:virtual void touchgfx::Screen::handleKeyEvent(uint8_t)	0	static
Screen2View.hpp:11:13:Screen2View::~Screen2View()	0	static
Screen2View.cpp:20:6:virtual void Screen2View::tearDownScreen()	0	static
Callback.hpp:290:8:touchgfx::Callback<Screen2View, const touchgfx::Slider&, int>::~Callback()	0	static
Callback.hpp:318:18:void touchgfx::Callback<dest_type, T1, T2, void>::execute(T1, T2) [with dest_type = Screen2View; T1 = const touchgfx::Slider&; T2 = int]	12	static
Callback.hpp:328:18:bool touchgfx::Callback<dest_type, T1, T2, void>::isValid() const [with dest_type = Screen2View; T1 = const touchgfx::Slider&; T2 = int]	0	static
Callback.hpp:290:8:virtual touchgfx::Callback<Screen2View, const touchgfx::Slider&, int>::~Callback()	8	static
Screen2View.hpp:11:13:virtual Screen2View::~Screen2View()	8	static
Screen2View.cpp:15:6:virtual void Screen2View::setupScreen()	0	static
Screen2View.cpp:24:6:void Screen2View::sliderValueStartedChangeCallbackHandler(const touchgfx::Slider&, int)	16	static
Screen2View.cpp:24:6:void Screen2View::sliderValueStartedChangeCallbackHandler(const touchgfx::Slider&, int)	0	static
Screen2View.cpp:33:6:void Screen2View::sliderValueChangedCallbackHandler(const touchgfx::Slider&, int)	0	static
Screen2View.cpp:42:6:void Screen2View::sliderValueConfirmedCallbackHandler(const touchgfx::Slider&, int)	0	static
Screen2View.cpp:6:1:Screen2View::Screen2View()	16	static
